// Vitest Snapshot v1, https://vitest.dev/guide/snapshot.html

exports[`<TargetForm /> > should render 1`] = `
<Fragment>
  <InputGroup>
    <InputLabel>
      Name
    </InputLabel>
    <Input
      error=""
      name="name"
      onChange={[MockFunction spy]}
      value="foo"
    />
    <InputError />
  </InputGroup>
  <InputGroup>
    <InputLabel>
      Description
    </InputLabel>
    <ForwardRef
      name="description"
      onChange={[MockFunction spy]}
      value="bar"
    />
  </InputGroup>
  <InputGroup>
    <InputLabel>
      Length
    </InputLabel>
    <Input
      name="length"
      onChange={[MockFunction spy]}
      type="number"
      value={1}
    />
  </InputGroup>
  <Checkbox
    checked={false}
    label="Required"
    onClick={[MockFunction spy]}
  />
</Fragment>
`;

exports[`<TargetForm /> > should render with error 1`] = `
<Fragment>
  <InputGroup>
    <InputLabel>
      Name
    </InputLabel>
    <Input
      error=""
      name="name"
      onChange={[MockFunction spy]}
      value="foo"
    />
    <InputError />
  </InputGroup>
  <InputGroup>
    <InputLabel>
      Description
    </InputLabel>
    <ForwardRef
      name="description"
      onChange={[MockFunction spy]}
      value="bar"
    />
  </InputGroup>
  <InputGroup>
    <InputLabel>
      Length
    </InputLabel>
    <Input
      name="length"
      onChange={[MockFunction spy]}
      type="number"
      value={1}
    />
  </InputGroup>
  <Checkbox
    checked={false}
    label="Required"
    onClick={[MockFunction spy]}
  />
</Fragment>
`;
