// Jest Snapshot v1, https://goo.gl/fbAQLP

exports[`<JobsToolbar /> should render 1`] = `
<Toolbar>
  <SearchInput
    placeholder="User or workflow"
    value="foo"
  />
</Toolbar>
`;
