// Jest Snapshot v1, https://goo.gl/fbAQLP

exports[`<LibraryTypeSelector> should have Amplicon selected when [libraryType='amplicon'] 1`] = `
<Fragment>
  <label>
    Library Type
  </label>
  <LibraryTypeSelector__LibraryTypeSelectBoxContainer>
    <SelectBox
      active={false}
      onClick={[Function]}
    >
      <div>
        Normal
      </div>
      <span>
        Search against whole genome references using normal reads.
      </span>
    </SelectBox>
    <SelectBox
      active={false}
      onClick={[Function]}
    >
      <div>
        sRNA
      </div>
      <span>
        Search against whole genome references using sRNA reads
      </span>
    </SelectBox>
    <SelectBox
      active={true}
      onClick={[Function]}
    >
      <div>
        Amplicon
      </div>
      <span>
        Search against barcode references using amplicon reads.
      </span>
    </SelectBox>
  </LibraryTypeSelector__LibraryTypeSelectBoxContainer>
</Fragment>
`;

exports[`<LibraryTypeSelector> should have Normal selected [libraryType='normal'] 1`] = `
<Fragment>
  <label>
    Library Type
  </label>
  <LibraryTypeSelector__LibraryTypeSelectBoxContainer>
    <SelectBox
      active={true}
      onClick={[Function]}
    >
      <div>
        Normal
      </div>
      <span>
        Search against whole genome references using normal reads.
      </span>
    </SelectBox>
    <SelectBox
      active={false}
      onClick={[Function]}
    >
      <div>
        sRNA
      </div>
      <span>
        Search against whole genome references using sRNA reads
      </span>
    </SelectBox>
    <SelectBox
      active={false}
      onClick={[Function]}
    >
      <div>
        Amplicon
      </div>
      <span>
        Search against barcode references using amplicon reads.
      </span>
    </SelectBox>
  </LibraryTypeSelector__LibraryTypeSelectBoxContainer>
</Fragment>
`;

exports[`<LibraryTypeSelector> should have sRNA selected when [libraryType='srna'] 1`] = `
<Fragment>
  <label>
    Library Type
  </label>
  <LibraryTypeSelector__LibraryTypeSelectBoxContainer>
    <SelectBox
      active={false}
      onClick={[Function]}
    >
      <div>
        Normal
      </div>
      <span>
        Search against whole genome references using normal reads.
      </span>
    </SelectBox>
    <SelectBox
      active={true}
      onClick={[Function]}
    >
      <div>
        sRNA
      </div>
      <span>
        Search against whole genome references using sRNA reads
      </span>
    </SelectBox>
    <SelectBox
      active={false}
      onClick={[Function]}
    >
      <div>
        Amplicon
      </div>
      <span>
        Search against barcode references using amplicon reads.
      </span>
    </SelectBox>
  </LibraryTypeSelector__LibraryTypeSelectBoxContainer>
</Fragment>
`;
