// Jest Snapshot v1, https://goo.gl/fbAQLP

exports[`<PermissionItem /> should render 1`] = `
<Permission__StyledPermissionItem>
  <PermissionIcon
    value="foo"
  />
   
  <code>
    <Component />
  </code>
</Permission__StyledPermissionItem>
`;
