// Vitest Snapshot v1

exports[`<LatestBuild /> > should render when [latestBuild!=null] 1`] = `
<Styled(BoxGroupSection)>
  <div>
    <strong>
      <Link
        to="/refs/foo/indexes/bar"
      >
        Index 
        1.0
      </Link>
    </strong>
    <span>
      Â / Created 
      <RelativeTime
        time="2"
      />
       by 
      baz_handle
    </span>
  </div>
</Styled(BoxGroupSection)>
`;

exports[`<LatestBuild /> > should render when [latestBuild=null] 1`] = `
<NoneFoundSection
  noun="index builds"
/>
`;
