// Vitest Snapshot v1, https://vitest.dev/guide/snapshot.html

exports[`<Subtraction /> > should render 1`] = `
<Container>
  <ContainerNarrow>
    <Switch>
      <Route
        component={
          {
            "$$typeof": Symbol(react.memo),
            "WrappedComponent": [Function],
            "compare": null,
            "type": [Function],
          }
        }
        exact={true}
        path="/subtractions"
      />
      <Route
        component={[Function]}
        path="/subtractions/files"
      />
      <Route
        component={
          {
            "$$typeof": Symbol(react.memo),
            "WrappedComponent": [Function],
            "compare": null,
            "type": [Function],
          }
        }
        path="/subtractions/create"
      />
      <Route
        component={
          {
            "$$typeof": Symbol(react.memo),
            "WrappedComponent": [Function],
            "compare": null,
            "type": [Function],
          }
        }
        path="/subtractions/:subtractionId"
      />
    </Switch>
  </ContainerNarrow>
</Container>
`;
