// Jest Snapshot v1, https://goo.gl/fbAQLP

exports[`<HMMSettings /> should render 1`] = `
<div>
  <ViewHeader
    title="HMM Settings"
  >
    <ViewHeader__ViewHeaderTitle>
      HMM Settings
    </ViewHeader__ViewHeaderTitle>
  </ViewHeader>
  <Connect(HMMPurge) />
</div>
`;
