// Vitest Snapshot v1

exports[`<RightIcon /> > should render loader when [ready=false] 1`] = `
<Loader
  color="primary"
  size="14px"
/>
`;

exports[`<RightIcon /> > should render remove icon when [ready=true] and [canModify=true] 1`] = `
<Icon
  color="red"
  name="trash"
  onClick={[MockFunction spy]}
  style={
    {
      "fontSize": "17px",
    }
  }
/>
`;

exports[`<RightIcon /> > should return null when [ready=true] and [canModify=false] 1`] = `""`;
