// Jest Snapshot v1, https://goo.gl/fbAQLP

exports[`<AnalysesToolbar /> should render with [canModify=false] 1`] = `
<Toolbar>
  <SearchInput
    onChange={[Function]}
    value="baz"
  />
  <Button
    color="blue"
    disabled={true}
    icon="plus-square fa-fw"
    onClick={[Function]}
    tip="New Analysis"
    tipPlacement="top"
    type="button"
  />
</Toolbar>
`;

exports[`<AnalysesToolbar /> should render with default props 1`] = `
<Toolbar>
  <SearchInput
    onChange={[Function]}
    value="baz"
  />
  <Button
    color="blue"
    disabled={false}
    icon="plus-square fa-fw"
    onClick={[Function]}
    tip="New Analysis"
    tipPlacement="top"
    type="button"
  />
</Toolbar>
`;
