// Vitest Snapshot v1

exports[`<CacheGeneral /> > should render 1`] = `
<Table>
  <tbody>
    <tr>
      <th>
        Hash
      </th>
      <td>
        foo
      </td>
    </tr>
    <tr>
      <th>
        Trimming Program
      </th>
      <td>
        bar
      </td>
    </tr>
  </tbody>
</Table>
`;
