// Vitest Snapshot v1

exports[`<CacheQuality /> > should render 1`] = `
<BoxGroup>
  <BoxGroupHeader>
    Quality
  </BoxGroupHeader>
  <BoxGroupSection>
    <Quality
      foo="bar"
    />
  </BoxGroupSection>
</BoxGroup>
`;
