// Jest Snapshot v1, https://goo.gl/fbAQLP

exports[`<UploadOverlay /> should render 1`] = `
<UploadOverlay__StyledUploadOverlay
  show={3}
>
  <UploadOverlay__UploadOverlayContent>
    <Box__BoxGroupHeader>
      <strong>
        Uploads
      </strong>
       
      <Badge>
        3
      </Badge>
    </Box__BoxGroupHeader>
    <UploadOverlay__UploadOverlayList>
      <UploadItem
        fileType="subtraction"
        key="123abc"
        localId="123abc"
        name="test_reads.fastq.gz"
        progress={100}
        size={1024}
      />
      <UploadItem
        fileType="reads"
        key="456def"
        localId="456def"
        name="test_reads.fastq.gz"
        progress={0}
        size={1024}
      />
      <UploadItem
        fileType="reads"
        key="789ghi"
        localId="789ghi"
        name="test_reads.fastq.gz"
        progress={50}
        size={1024}
      />
    </UploadOverlay__UploadOverlayList>
  </UploadOverlay__UploadOverlayContent>
</UploadOverlay__StyledUploadOverlay>
`;

exports[`<UploadOverlay /> should return null if no uploads 1`] = `""`;
